15:06:23 **** Incremental Build of configuration Debug for project OBDII_USB_STM32F103C8 ****
make -j8 all 
arm-none-eabi-size   OBDII_USB_STM32F103C8.elf 
   text	   data	    bss	    dec	    hex	filename
  33792	    488	   6112	  40392	   9dc8	OBDII_USB_STM32F103C8.elf
Finished building: default.size.stdout
 
15:06:31 **** Incremental Build of configuration Debug for project OBDII_USB_STM32F103C8 ****
make -j8 all 
arm-none-eabi-size   OBDII_USB_STM32F103C8.elf 
   text	   data	    bss	    dec	    hex	filename
  33792	    488	   6112	  40392	   9dc8	OBDII_USB_STM32F103C8.elf
Finished building: default.size.stdout
 
